======================================================================
TESTING BERRY ENTRY MODEL FINAL IMPLEMENTATION
======================================================================
/home/vatsal/.local/lib/python3.10/site-packages/pandas/core/arrays/masked.py:61: UserWarning: Pandas requires version '1.3.6' or newer of 'bottleneck' (version '1.3.5' currently installed).
  from pandas.core import (

✓ Successfully imported berry_entry_model_final

Running estimation...

======================================================================
TEST RESULTS
======================================================================

✓ Optimization Success: True
✓ Log-Likelihood: -1908.3888
✓ Number of Observations: 2742

Parameter Estimates:
  β₁ (Market Size):     -0.125768
  β₃ (Distance):         0.286752
  β₄ (Passengers):       0.839722
  δ (Competition):       1.480862

✓ Prediction Accuracy: 64.30%

======================================================================
VALIDATION CHECKS
======================================================================
✓ Check 1: Optimization converged successfully
✓ Check 2: Log-likelihood is in reasonable range
✓ Check 3: Competition effect (δ) is positive
✓ Check 4: Passengers coefficient is positive (as expected)
✓ Check 5: Distance coefficient is positive (as expected)

======================================================================
VALIDATION SUMMARY: 5/5 checks passed
======================================================================

✅ ALL TESTS PASSED - IMPLEMENTATION IS WORKING CORRECTLY

======================================================================
TEST COMPLETE
======================================================================
